1859363540
1859363540
1859363540
1543166661
427890845
2
1543166661
307843486
5832051909
654671267
5832051909
1859363540
5
5832051909
427890845
427890845
5832051909
1543166661
1543166661
654671267
4
1
1888351048
0
2
1888351048
654671267
7639035198
874273387
654671267
8
